mpiuser@6a3e6142ec3e:/workspace/nccl-tests$ export MASTER_IP=10.0.167.131
export WORKER_IP=10.0.25.85
export NCCL_DEBUG=INFO
export NCCL_SOCKET_IFNAME=podnet1
mpirun --verbose -host $MASTER_IP,$WORKER_IP /workspace/nccl-tests/build/all_reduce_perf -b 8 -e 256 -f 2 -g 1 --timeout 10
# nThread 1 nGpus 1 minBytes 8 maxBytes 256 step: 2(factor) warmup iters: 5 iters: 20 agg iters: 1 validation: 1 graph: 0
#
# Using devices
#  Rank  0 Group  0 Pid   5449 on 6a3e6142ec3e device  0 [0000:61:00] NVIDIA L40
#  Rank  1 Group  0 Pid   8280 on 8d393995ec76 device  0 [0000:a1:00] NVIDIA L40
6a3e6142ec3e:5449:5449 [0] NCCL INFO NCCL_SOCKET_IFNAME set by environment to podnet1
6a3e6142ec3e:5449:5449 [0] NCCL INFO Bootstrap: Using podnet1:10.0.25.85<0>
6a3e6142ec3e:5449:5449 [0] NCCL INFO cudaDriverVersion 12040
6a3e6142ec3e:5449:5449 [0] NCCL INFO NCCL version 2.26.2+cuda12.8
6a3e6142ec3e:5449:5455 [0] NCCL INFO NET/Plugin: Could not find: libnccl-net.so. Using internal net plugin.
6a3e6142ec3e:5449:5455 [0] NCCL INFO NCCL_SOCKET_IFNAME set by environment to podnet1
6a3e6142ec3e:5449:5455 [0] NCCL INFO NET/IB : No device found.
6a3e6142ec3e:5449:5455 [0] NCCL INFO NET/IB : Using [RO]; OOB podnet1:10.0.25.85<0>
6a3e6142ec3e:5449:5455 [0] NCCL INFO NCCL_SOCKET_IFNAME set by environment to podnet1
6a3e6142ec3e:5449:5455 [0] NCCL INFO NET/Socket : Using [0]podnet1:10.0.25.85<0>
6a3e6142ec3e:5449:5455 [0] NCCL INFO PROFILER/Plugin: Could not find: libnccl-profiler.so. 
6a3e6142ec3e:5449:5455 [0] NCCL INFO Using network Socket
6a3e6142ec3e:5449:5455 [0] NCCL INFO ncclCommInitRank comm 0x55a170ab5b20 rank 0 nranks 2 cudaDev 0 nvmlDev 0 busId 61000 commId 0xf62181bcf04f7df8 - Init START
6a3e6142ec3e:5449:5455 [0] NCCL INFO RAS client listening socket at ::1<28028>
6a3e6142ec3e:5449:5455 [0] NCCL INFO Bootstrap timings total 0.104279 (create 0.000054, send 0.049414, recv 0.010721, ring 0.021842, delay 0.000000)
6a3e6142ec3e:5449:5455 [0] NCCL INFO Setting affinity for GPU 0 to 01,00000000,00000000,00000000,00000001

[2025-03-27 05:10:16] 6a3e6142ec3e:5449:5455 [0] graph/search.cc:1127 NCCL WARN Could not find a path for pattern 4, falling back to simple order

[2025-03-27 05:10:16] 6a3e6142ec3e:5449:5455 [0] graph/search.cc:1127 NCCL WARN Could not find a path for pattern 3, falling back to simple order
6a3e6142ec3e:5449:5455 [0] NCCL INFO comm 0x55a170ab5b20 rank 0 nRanks 2 nNodes 2 localRanks 1 localRank 0 MNNVL 0
6a3e6142ec3e:5449:5455 [0] NCCL INFO Channel 00/02 : 0 1
6a3e6142ec3e:5449:5455 [0] NCCL INFO Channel 01/02 : 0 1
6a3e6142ec3e:5449:5455 [0] NCCL INFO Trees [0] 1/-1/-1->0->-1 [1] -1/-1/-1->0->1
6a3e6142ec3e:5449:5455 [0] NCCL INFO P2P Chunksize set to 131072
6a3e6142ec3e:5449:5455 [0] NCCL INFO Check P2P Type intraNodeP2pSupport 0 directMode 0
6a3e6142ec3e:5449:5457 [0] NCCL INFO [Proxy Service] Device 0 CPU core 128
6a3e6142ec3e:5449:5455 [0] NCCL INFO threadThresholds 8/8/64 | 16/8/64 | 512 | 512
6a3e6142ec3e:5449:5455 [0] NCCL INFO 2 coll channels, 2 collnet channels, 0 nvls channels, 2 p2p channels, 2 p2p channels per peer
6a3e6142ec3e:5449:5455 [0] NCCL INFO CC Off, workFifoBytes 1048576
6a3e6142ec3e:5449:5455 [0] NCCL INFO TUNER/Plugin: Could not find: libnccl-tuner.so. Using internal tuner plugin.
6a3e6142ec3e:5449:5455 [0] NCCL INFO ncclCommInitRank comm 0x55a170ab5b20 rank 0 nranks 2 cudaDev 0 nvmlDev 0 busId 61000 commId 0xf62181bcf04f7df8 - Init COMPLETE
6a3e6142ec3e:5449:5455 [0] NCCL INFO Init timings - ncclCommInitRank: rank 0 nranks 2 total 0.33 (kernels 0.14, alloc 0.05, bootstrap 0.10, allgathers 0.02, topo 0.00, graphs 0.00, connections 0.00, rest 0.00)
6a3e6142ec3e:5449:5458 [0] NCCL INFO [Proxy Service UDS] Device 0 CPU core 0
#
#                                                              out-of-place                       in-place          
#       size         count      type   redop    root     time   algbw   busbw #wrong     time   algbw   busbw #wrong
#        (B)    (elements)                               (us)  (GB/s)  (GB/s)            (us)  (GB/s)  (GB/s)       
6a3e6142ec3e:5449:5460 [0] NCCL INFO [Proxy Progress] Device 0 CPU core 128
6a3e6142ec3e:5449:5459 [0] NCCL INFO Channel 00/0 : 1[0] -> 0[0] [receive] via NET/Socket/0
6a3e6142ec3e:5449:5459 [0] NCCL INFO Channel 01/0 : 1[0] -> 0[0] [receive] via NET/Socket/0
6a3e6142ec3e:5449:5459 [0] NCCL INFO Channel 00/0 : 0[0] -> 1[0] [send] via NET/Socket/0
6a3e6142ec3e:5449:5459 [0] NCCL INFO Channel 01/0 : 0[0] -> 1[0] [send] via NET/Socket/0
6a3e6142ec3e:5449:5459 [0] NCCL INFO Connected all rings, use ring PXN 0 GDR 0
           8             2     float     sum      -1   9973.4    0.00    0.00      0    10050    0.00    0.00      0
          16             4     float     sum      -1    10094    0.00    0.00      0    10054    0.00    0.00      0
          32             8     float     sum      -1    10349    0.00    0.00      0    10191    0.00    0.00      0
          64            16     float     sum      -1    10222    0.00    0.00      0    10207    0.00    0.00      0
         128            32     float     sum      -1    10349    0.00    0.00      0    10329    0.00    0.00      0
         256            64     float     sum      -1    10328    0.00    0.00      0    10344    0.00    0.00      0
6a3e6142ec3e:5449:5461 [0] NCCL INFO comm 0x55a170ab5b20 rank 0 nranks 2 cudaDev 0 busId 61000 - Destroy COMPLETE
# Out of bounds values : 0 OK
# Avg bus bandwidth    : 8.15273e-06 
#

mpiuser@6a3e6142ec3e:/workspace/nccl-tests$ export MASTER_IP=10.0.167.131
export WORKER_IP=10.0.25.85
export NCCL_DEBUG=INFO
export NCCL_SOCKET_IFNAME=podnet1
mpirun --verbose -host $MASTER_IP,$WORKER_IP /workspace/nccl-tests/build/all_reduce_perf -b 8 -e 256 -f 2 -g 2 --timeout 10
# nThread 1 nGpus 2 minBytes 8 maxBytes 256 step: 2(factor) warmup iters: 5 iters: 20 agg iters: 1 validation: 1 graph: 0
#
# Using devices
#  Rank  0 Group  0 Pid   5469 on 6a3e6142ec3e device  0 [0000:61:00] NVIDIA L40
#  Rank  1 Group  0 Pid   5469 on 6a3e6142ec3e device  1 [0000:e1:00] NVIDIA L40
#  Rank  2 Group  0 Pid   8689 on 8d393995ec76 device  0 [0000:a1:00] NVIDIA L40
#  Rank  3 Group  0 Pid   8689 on 8d393995ec76 device  1 [0000:c1:00] NVIDIA L40
6a3e6142ec3e:5469:5469 [0] NCCL INFO NCCL_SOCKET_IFNAME set by environment to podnet1
6a3e6142ec3e:5469:5469 [0] NCCL INFO Bootstrap: Using podnet1:10.0.25.85<0>
6a3e6142ec3e:5469:5469 [0] NCCL INFO cudaDriverVersion 12040
6a3e6142ec3e:5469:5469 [0] NCCL INFO NCCL version 2.26.2+cuda12.8
6a3e6142ec3e:5469:5476 [0] NCCL INFO NET/Plugin: Could not find: libnccl-net.so. Using internal net plugin.
6a3e6142ec3e:5469:5476 [0] NCCL INFO NCCL_SOCKET_IFNAME set by environment to podnet1
6a3e6142ec3e:5469:5476 [0] NCCL INFO NET/IB : No device found.
6a3e6142ec3e:5469:5476 [0] NCCL INFO NET/IB : Using [RO]; OOB podnet1:10.0.25.85<0>
6a3e6142ec3e:5469:5476 [0] NCCL INFO NCCL_SOCKET_IFNAME set by environment to podnet1
6a3e6142ec3e:5469:5476 [0] NCCL INFO NET/Socket : Using [0]podnet1:10.0.25.85<0>
6a3e6142ec3e:5469:5476 [0] NCCL INFO PROFILER/Plugin: Could not find: libnccl-profiler.so. 
6a3e6142ec3e:5469:5476 [0] NCCL INFO Using network Socket
6a3e6142ec3e:5469:5477 [1] NCCL INFO Using network Socket
6a3e6142ec3e:5469:5477 [1] NCCL INFO ncclCommInitRank comm 0x556eb5918530 rank 1 nranks 4 cudaDev 1 nvmlDev 1 busId e1000 commId 0xb5324d460eaa4f0a - Init START
6a3e6142ec3e:5469:5476 [0] NCCL INFO ncclCommInitRank comm 0x556eb5890a10 rank 0 nranks 4 cudaDev 0 nvmlDev 0 busId 61000 commId 0xb5324d460eaa4f0a - Init START
6a3e6142ec3e:5469:5477 [1] NCCL INFO RAS client listening socket at ::1<28028>
6a3e6142ec3e:5469:5476 [0] NCCL INFO Bootstrap timings total 0.052118 (create 0.000026, send 0.000094, recv 0.020539, ring 0.010883, delay 0.000000)
6a3e6142ec3e:5469:5477 [1] NCCL INFO Bootstrap timings total 0.063659 (create 0.000051, send 0.000191, recv 0.011171, ring 0.030563, delay 0.000001)
6a3e6142ec3e:5469:5476 [0] NCCL INFO Setting affinity for GPU 0 to 01,00000000,00000000,00000000,00000001

[2025-03-27 05:14:28] 6a3e6142ec3e:5469:5476 [0] graph/search.cc:1127 NCCL WARN Could not find a path for pattern 4, falling back to simple order

[2025-03-27 05:14:28] 6a3e6142ec3e:5469:5477 [1] graph/search.cc:1127 NCCL WARN Could not find a path for pattern 4, falling back to simple order

[2025-03-27 05:14:28] 6a3e6142ec3e:5469:5476 [0] graph/search.cc:1127 NCCL WARN Could not find a path for pattern 1, falling back to simple order

[2025-03-27 05:14:28] 6a3e6142ec3e:5469:5477 [1] graph/search.cc:1127 NCCL WARN Could not find a path for pattern 1, falling back to simple order
6a3e6142ec3e:5469:5477 [1] NCCL INFO comm 0x556eb5918530 rank 1 nRanks 4 nNodes 2 localRanks 2 localRank 1 MNNVL 0
6a3e6142ec3e:5469:5477 [1] NCCL INFO Trees [0] -1/-1/-1->1->0 [1] -1/-1/-1->1->0
6a3e6142ec3e:5469:5477 [1] NCCL INFO P2P Chunksize set to 131072
6a3e6142ec3e:5469:5476 [0] NCCL INFO comm 0x556eb5890a10 rank 0 nRanks 4 nNodes 2 localRanks 2 localRank 0 MNNVL 0
6a3e6142ec3e:5469:5476 [0] NCCL INFO Channel 00/02 : 0 1 2 3
6a3e6142ec3e:5469:5476 [0] NCCL INFO Channel 01/02 : 0 1 2 3
6a3e6142ec3e:5469:5476 [0] NCCL INFO Trees [0] 1/2/-1->0->-1 [1] 1/-1/-1->0->2
6a3e6142ec3e:5469:5476 [0] NCCL INFO P2P Chunksize set to 131072
6a3e6142ec3e:5469:5476 [0] NCCL INFO Check P2P Type intraNodeP2pSupport 1 directMode 1
6a3e6142ec3e:5469:5480 [1] NCCL INFO [Proxy Service] Device 1 CPU core 128
6a3e6142ec3e:5469:5476 [0] NCCL INFO threadThresholds 8/8/64 | 32/8/64 | 512 | 512
6a3e6142ec3e:5469:5476 [0] NCCL INFO 2 coll channels, 2 collnet channels, 0 nvls channels, 2 p2p channels, 2 p2p channels per peer
6a3e6142ec3e:5469:5481 [0] NCCL INFO [Proxy Service UDS] Device 0 CPU core 0
6a3e6142ec3e:5469:5479 [0] NCCL INFO [Proxy Service] Device 0 CPU core 0
6a3e6142ec3e:5469:5476 [0] NCCL INFO CC Off, workFifoBytes 1048576
6a3e6142ec3e:5469:5477 [1] NCCL INFO threadThresholds 8/8/64 | 32/8/64 | 512 | 512
6a3e6142ec3e:5469:5477 [1] NCCL INFO 2 coll channels, 2 collnet channels, 0 nvls channels, 2 p2p channels, 2 p2p channels per peer
6a3e6142ec3e:5469:5482 [1] NCCL INFO [Proxy Service UDS] Device 1 CPU core 0
6a3e6142ec3e:5469:5476 [0] NCCL INFO TUNER/Plugin: Could not find: libnccl-tuner.so. Using internal tuner plugin.
6a3e6142ec3e:5469:5476 [0] NCCL INFO ncclCommInitRank comm 0x556eb5890a10 rank 0 nranks 4 cudaDev 0 nvmlDev 0 busId 61000 commId 0xb5324d460eaa4f0a - Init COMPLETE
6a3e6142ec3e:5469:5477 [1] NCCL INFO ncclCommInitRank comm 0x556eb5918530 rank 1 nranks 4 cudaDev 1 nvmlDev 1 busId e1000 commId 0xb5324d460eaa4f0a - Init COMPLETE
6a3e6142ec3e:5469:5476 [0] NCCL INFO Init timings - ncclCommInitRank: rank 0 nranks 4 total 0.39 (kernels 0.22, alloc 0.06, bootstrap 0.05, allgathers 0.03, topo 0.01, graphs 0.00, connections 0.00, rest 0.01)
6a3e6142ec3e:5469:5477 [1] NCCL INFO Init timings - ncclCommInitRank: rank 1 nranks 4 total 0.39 (kernels 0.23, alloc 0.05, bootstrap 0.06, allgathers 0.02, topo 0.02, graphs 0.00, connections 0.00, rest 0.01)
#
#                                                              out-of-place                       in-place          
#       size         count      type   redop    root     time   algbw   busbw #wrong     time   algbw   busbw #wrong
#        (B)    (elements)                               (us)  (GB/s)  (GB/s)            (us)  (GB/s)  (GB/s)       
6a3e6142ec3e:5469:5484 [0] NCCL INFO Channel 00/0 : 3[1] -> 0[0] [receive] via NET/Socket/0
6a3e6142ec3e:5469:5484 [0] NCCL INFO Channel 01/0 : 3[1] -> 0[0] [receive] via NET/Socket/0
6a3e6142ec3e:5469:5484 [0] NCCL INFO Channel 00/0 : 0[0] -> 1[1] via P2P/direct pointer
6a3e6142ec3e:5469:5484 [0] NCCL INFO Channel 01/0 : 0[0] -> 1[1] via P2P/direct pointer
6a3e6142ec3e:5469:5485 [0] NCCL INFO [Proxy Progress] Device 0 CPU core 0
6a3e6142ec3e:5469:5483 [1] NCCL INFO Channel 00/0 : 1[1] -> 2[0] [send] via NET/Socket/0
6a3e6142ec3e:5469:5486 [1] NCCL INFO [Proxy Progress] Device 1 CPU core 0
6a3e6142ec3e:5469:5483 [1] NCCL INFO Channel 01/0 : 1[1] -> 2[0] [send] via NET/Socket/0
6a3e6142ec3e:5469:5483 [1] NCCL INFO Connected all rings, use ring PXN 0 GDR 0
6a3e6142ec3e:5469:5484 [0] NCCL INFO Connected all rings, use ring PXN 0 GDR 0
6a3e6142ec3e:5469:5487 [1] NCCL INFO Channel 00/0 : 1[1] -> 0[0] via P2P/direct pointer
6a3e6142ec3e:5469:5488 [0] NCCL INFO Channel 00/0 : 2[0] -> 0[0] [receive] via NET/Socket/0
6a3e6142ec3e:5469:5488 [0] NCCL INFO Channel 01/0 : 2[0] -> 0[0] [receive] via NET/Socket/0
6a3e6142ec3e:5469:5488 [0] NCCL INFO Channel 00/0 : 0[0] -> 2[0] [send] via NET/Socket/0
6a3e6142ec3e:5469:5488 [0] NCCL INFO Channel 01/0 : 0[0] -> 2[0] [send] via NET/Socket/0
6a3e6142ec3e:5469:5487 [1] NCCL INFO Channel 01/0 : 1[1] -> 0[0] via P2P/direct pointer
6a3e6142ec3e:5469:5487 [1] NCCL INFO Connected all trees
6a3e6142ec3e:5469:5488 [0] NCCL INFO Connected all trees
           8             2     float     sum      -1    10317    0.00    0.00      0    10455    0.00    0.00      0
          16             4     float     sum      -1    10904    0.00    0.00      0    10120    0.00    0.00      0
          32             8     float     sum      -1    10926    0.00    0.00      0    11515    0.00    0.00      0
          64            16     float     sum      -1    16362    0.00    0.00      0    15982    0.00    0.00      0
         128            32     float     sum      -1    16117    0.00    0.00      0    16515    0.00    0.00      0
         256            64     float     sum      -1    16001    0.00    0.00      0    15551    0.00    0.00      0
6a3e6142ec3e:5469:5490 [0] NCCL INFO comm 0x556eb5890a10 rank 0 nranks 4 cudaDev 0 busId 61000 - Destroy COMPLETE
6a3e6142ec3e:5469:5490 [1] NCCL INFO comm 0x556eb5918530 rank 1 nranks 4 cudaDev 1 busId e1000 - Destroy COMPLETE
# Out of bounds values : 0 OK
# Avg bus bandwidth    : 8.2958e-06 
#